2026-06-14 13:09:26.242 | DEBUG    | __main__:take_screenshot:42 - gnome-screenshot failed: Command '['gnome-screenshot', '-f', '/tmp/tmprusrewxl.png']' timed out after 5 seconds
2026-06-14 13:09:26.256 | DEBUG    | __main__:take_screenshot:53 - MSS fallback failed: XGetImage() failed
❌ Gagal mengambil screenshot di Wayland.

Wayland Ubuntu memblokir tangkapan layar otomatis demi keamanan.

**Solusi:**
1. Saat Login, pilih ikon ⚙️ dan pilih **'Ubuntu on Xorg'**.
2. Jika tidak ada, Anda mungkin perlu menginstal `gnome-screenshot` manual: `sudo apt install gnome-screenshot`.
3. Pastikan laptop tidak dalam kondisi layar terkunci/sleep.
